============================= test session starts =============================
platform win32 -- Python 3.13.7, pytest-8.4.2, pluggy-1.6.0
rootdir: C:\Users\jaini\Documents\ECE-461-Team-Repository
configfile: pytest.ini
plugins: anyio-4.10.0, cov-7.0.0, mock-3.15.1
collected 341 items

tests\test_cli_layer.py ................................................ [ 14%]
........                                                                 [ 16%]
tests\test_error_handling.py ................F

================================== FAILURES ===================================
_______ TestAPIClientErrorHandling.test_gh_client_repository_not_found ________
tests\test_error_handling.py:428: in test_gh_client_repository_not_found
    client = GHClient()
             ^^^^^^^^^^
src\api\gh_client.py:144: in __init__
    sys.exit(1)
E   SystemExit: 1
------------------------------ Captured log call ------------------------------
ERROR    acme-cli.gh_client:gh_client.py:140 GHClient initialization failed: GITHUB_TOKEN is missing or invalid format.
=========================== short test summary info ===========================
FAILED tests/test_error_handling.py::TestAPIClientErrorHandling::test_gh_client_repository_not_found
!!!!!!!!!!!!!!!!!!!!!!!!!! stopping after 1 failures !!!!!!!!!!!!!!!!!!!!!!!!!!
=================== 1 failed, 72 passed, 1 warning in 0.93s ===================
